
> temp_app@0.1.0 build
> next build

   Γû▓ Next.js 16.0.3 (Turbopack)
   - Environments: .env.local

node.exe :  ΓÜá The "middleware" file convention 
is deprecated. Please use "proxy" instead. Learn 
more: https://nextjs.org/docs/messages/middleware
-to-proxy
At line:1 char:1
+ & "C:\Program Files\nodejs/node.exe" 
"C:\Program Files\nodejs/node_mo ...
+ ~~~~~~~~~~~~~~~~~~~~~~~~~~~~~~~~~~~~~~~~~~~~~~~
~~~~~~~~~~~~~~~~~~~~~~
    + CategoryInfo          : NotSpecified: ( ΓÜ 
   á The "middl...leware-to-proxy:String) [], R  
  emoteException
    + FullyQualifiedErrorId : NativeCommandError
 
   Creating an optimized production build ...
 Γ£ô Compiled successfully in 4.3s
   Running TypeScript ...
Failed to compile.

./src/components/MessageInput.tsx:23:30
Type error: Expected 1 arguments, but got 0.

[0m [90m 21 |[39m     [36mconst[39m 
typingTextRef [33m=[39m useRef[33m<[39m[33mH
TMLSpanElement[39m[33m>[39m([36mnull[39m)
 [90m 22 |[39m     [36mconst[39m 
fileInputRef [33m=[39m useRef[33m<[39m[33mHT
MLInputElement[39m[33m>[39m([36mnull[39m)
[31m[1m>[22m[39m[90m 23 |[39m     
[36mconst[39m typingTimeoutRef [33m=[39m useR
ef[33m<[39m[33mNodeJS[39m[33m.[39m[33mTime
out[39m[33m>[39m()
 [90m    |[39m                              
[31m[1m^[22m[39m
 [90m 24 |[39m     [36mconst[39m supabase 
[33m=[39m createClient()
 [90m 25 |[39m
 [90m 26 |[39m     useEffect(() [33m=>[39m 
{[0m
Next.js build worker exited with code: 1 and 
signal: null
